Your environment has been set up for using Node.js 12.18.4 (x64) and npm.

C:\Users\aashi>cd C:\xampp\htdocs\Digital Assignment 2\EJS METHOD

C:\xampp\htdocs\Digital Assignment 2\EJS METHOD>npm init -y
npm ERR! Invalid name: "EJS METHOD"

npm ERR! A complete log of this run can be found in:
npm ERR!     C:\Users\aashi\AppData\Roaming\npm-cache\_logs\2020-10-31T14_24_22_992Z-debug.log

C:\xampp\htdocs\Digital Assignment 2\EJS METHOD>cd..

C:\xampp\htdocs\Digital Assignment 2>EJS_Method
'EJS_Method' is not recognized as an internal or external command,
operable program or batch file.

C:\xampp\htdocs\Digital Assignment 2>cd EJS_Method

C:\xampp\htdocs\Digital Assignment 2\EJS_Method>npm init -y
Wrote to C:\xampp\htdocs\Digital Assignment 2\EJS_Method\package.json:

{
  "name": "EJS_Method",
  "version": "1.0.0",
  "description": "",
  "main": "index.js",
  "scripts": {
    "test": "echo \"Error: no test specified\" && exit 1"
  },
  "keywords": [],
  "author": "",
  "license": "ISC"
}



C:\xampp\htdocs\Digital Assignment 2\EJS_Method>npm install express@4.17.1 ejs@3.1.2

> ejs@3.1.2 postinstall C:\xampp\htdocs\Digital Assignment 2\EJS_Method\node_modules\ejs
> node --harmony ./postinstall.js

Thank you for installing EJS: built with the Jake JavaScript build tool (https://jakejs.com/)

npm notice created a lockfile as package-lock.json. You should commit this file.
npm WARN EJS_Method@1.0.0 No description
npm WARN EJS_Method@1.0.0 No repository field.

+ express@4.17.1
+ ejs@3.1.2
added 65 packages from 44 contributors and audited 65 packages in 19.182s
found 0 vulnerabilities


C:\xampp\htdocs\Digital Assignment 2\EJS_Method>npm install nodemon@2.0.3  --save-dev

> nodemon@2.0.3 postinstall C:\xampp\htdocs\Digital Assignment 2\EJS_Method\node_modules\nodemon
> node bin/postinstall || exit 0

npm WARN optional SKIPPING OPTIONAL DEPENDENCY: fsevents@~2.1.2 (node_modules\chokidar\node_modules\fsevents):
npm WARN notsup SKIPPING OPTIONAL DEPENDENCY: Unsupported platform for fsevents@2.1.3: wanted {"os":"darwin","arch":"any"} (current: {"os":"win32","arch":"x64"})
npm WARN EJS_Method@1.0.0 No description
npm WARN EJS_Method@1.0.0 No repository field.

+ nodemon@2.0.3
added 117 packages from 52 contributors and audited 183 packages in 37.471s

9 packages are looking for funding
  run `npm fund` for details

found 0 vulnerabilities


C:\xampp\htdocs\Digital Assignment 2\EJS_Method>npm start

> EJS_Method@1.0.0 start C:\xampp\htdocs\Digital Assignment 2\EJS_Method
> nodemon index.js

[nodemon] 2.0.3
[nodemon] to restart at any time, enter `rs`
[nodemon] watching path(s): *.*
[nodemon] watching extensions: js,mjs,json
[nodemon] starting `node index.js`
server started on port 3000
[nodemon] restarting due to changes...
[nodemon] starting `node index.js`
server started on port 3000
[nodemon] restarting due to changes...
[nodemon] starting `node index.js`
server started on port 3000
[nodemon] restarting due to changes...
[nodemon] starting `node index.js`
server started on port 3000
[nodemon] restarting due to changes...
[nodemon] starting `node index.js`
[nodemon] restarting due to changes...
[nodemon] starting `node index.js`
server started on port 3000
[nodemon] restarting due to changes...
[nodemon] restarting due to changes...
[nodemon] starting `node index.js`
C:\xampp\htdocs\Digital Assignment 2\EJS_Method\index.js:5
app.use(express.static(path.join(__dirname, "public")));
                       ^

ReferenceError: path is not defined
    at Object.<anonymous> (C:\xampp\htdocs\Digital Assignment 2\EJS_Method\index.js:5:24)
    at Module._compile (internal/modules/cjs/loader.js:1137:30)
    at Object.Module._extensions..js (internal/modules/cjs/loader.js:1157:10)
    at Module.load (internal/modules/cjs/loader.js:985:32)
    at Function.Module._load (internal/modules/cjs/loader.js:878:14)
    at Function.executeUserEntryPoint [as runMain] (internal/modules/run_main.js:71:12)
    at internal/main/run_main_module.js:17:47
[nodemon] app crashed - waiting for file changes before starting...
[nodemon] restarting due to changes...
[nodemon] starting `node index.js`
C:\xampp\htdocs\Digital Assignment 2\EJS_Method\index.js:6
app.use(express.static(path.join(__dirname, "public")));
                       ^

ReferenceError: path is not defined
    at Object.<anonymous> (C:\xampp\htdocs\Digital Assignment 2\EJS_Method\index.js:6:24)
    at Module._compile (internal/modules/cjs/loader.js:1137:30)
    at Object.Module._extensions..js (internal/modules/cjs/loader.js:1157:10)
    at Module.load (internal/modules/cjs/loader.js:985:32)
    at Function.Module._load (internal/modules/cjs/loader.js:878:14)
    at Function.executeUserEntryPoint [as runMain] (internal/modules/run_main.js:71:12)
    at internal/main/run_main_module.js:17:47
[nodemon] app crashed - waiting for file changes before starting...
[nodemon] restarting due to changes...
[nodemon] starting `node index.js`
internal/validators.js:120
    throw new ERR_INVALID_ARG_TYPE(name, 'string', value);
    ^

TypeError [ERR_INVALID_ARG_TYPE]: The "id" argument must be of type string. Received undefined
    at validateString (internal/validators.js:120:11)
    at Module.require (internal/modules/cjs/loader.js:1018:3)
    at require (internal/modules/cjs/helpers.js:72:18)
    at Object.<anonymous> (C:\xampp\htdocs\Digital Assignment 2\EJS_Method\index.js:2:14)
    at Module._compile (internal/modules/cjs/loader.js:1137:30)
    at Object.Module._extensions..js (internal/modules/cjs/loader.js:1157:10)
    at Module.load (internal/modules/cjs/loader.js:985:32)
    at Function.Module._load (internal/modules/cjs/loader.js:878:14)
    at Function.executeUserEntryPoint [as runMain] (internal/modules/run_main.js:71:12)
    at internal/main/run_main_module.js:17:47 {
  code: 'ERR_INVALID_ARG_TYPE'
}
[nodemon] app crashed - waiting for file changes before starting...
[nodemon] restarting due to changes...
[nodemon] starting `node index.js`
internal/validators.js:120
    throw new ERR_INVALID_ARG_TYPE(name, 'string', value);
    ^

TypeError [ERR_INVALID_ARG_TYPE]: The "id" argument must be of type string. Received undefined
    at validateString (internal/validators.js:120:11)
    at Module.require (internal/modules/cjs/loader.js:1018:3)
    at require (internal/modules/cjs/helpers.js:72:18)
    at Object.<anonymous> (C:\xampp\htdocs\Digital Assignment 2\EJS_Method\index.js:2:14)
    at Module._compile (internal/modules/cjs/loader.js:1137:30)
    at Object.Module._extensions..js (internal/modules/cjs/loader.js:1157:10)
    at Module.load (internal/modules/cjs/loader.js:985:32)
    at Function.Module._load (internal/modules/cjs/loader.js:878:14)
    at Function.executeUserEntryPoint [as runMain] (internal/modules/run_main.js:71:12)
    at internal/main/run_main_module.js:17:47 {
  code: 'ERR_INVALID_ARG_TYPE'
}
[nodemon] app crashed - waiting for file changes before starting...
[nodemon] restarting due to changes...
[nodemon] starting `node index.js`
server started on port 3000
[nodemon] restarting due to changes...
[nodemon] starting `node index.js`
server started on port 3000
[nodemon] restarting due to changes...
[nodemon] starting `node index.js`
server started on port 3000
[nodemon] restarting due to changes...
[nodemon] starting `node index.js`
server started on port 3000
[nodemon] restarting due to changes...
[nodemon] starting `node index.js`
server started on port 3000
[nodemon] restarting due to changes...
[nodemon] starting `node index.js`
server started on port 3000
[nodemon] restarting due to changes...
[nodemon] starting `node index.js`
server started on port 3000
Terminate batch job (Y/N)? Y

C:\xampp\htdocs\Digital Assignment 2\EJS_Method>npm start

> EJS_Method@1.0.0 start C:\xampp\htdocs\Digital Assignment 2\EJS_Method
> nodemon -e js,ejs

[nodemon] 2.0.3
[nodemon] to restart at any time, enter `rs`
[nodemon] watching path(s): *.*
[nodemon] watching extensions: js,ejs
[nodemon] starting `node index.js`
server started on port 3000
[nodemon] restarting due to changes...
[nodemon] starting `node index.js`
server started on port 3000
[nodemon] restarting due to changes...
[nodemon] starting `node index.js`
server started on port 3000
[nodemon] restarting due to changes...
[nodemon] starting `node index.js`
server started on port 3000
[nodemon] restarting due to changes...
[nodemon] starting `node index.js`
server started on port 3000
[nodemon] restarting due to changes...
[nodemon] starting `node index.js`
server started on port 3000
[nodemon] restarting due to changes...
[nodemon] starting `node index.js`
server started on port 3000
[nodemon] restarting due to changes...
[nodemon] starting `node index.js`
server started on port 3000
[nodemon] restarting due to changes...
[nodemon] starting `node index.js`
server started on port 3000
[nodemon] restarting due to changes...
[nodemon] starting `node index.js`
server started on port 3000
[nodemon] restarting due to changes...
[nodemon] starting `node index.js`
server started on port 3000
[nodemon] restarting due to changes...
[nodemon] starting `node index.js`
[nodemon] restarting due to changes...
[nodemon] starting `node index.js`
server started on port 3000
[nodemon] restarting due to changes...
[nodemon] starting `node index.js`
server started on port 3000
[nodemon] restarting due to changes...
[nodemon] starting `node index.js`
server started on port 3000
[nodemon] restarting due to changes...
[nodemon] starting `node index.js`
server started on port 3000
[nodemon] restarting due to changes...
[nodemon] starting `node index.js`
server started on port 3000
[nodemon] restarting due to changes...
[nodemon] starting `node index.js`
server started on port 3000
[nodemon] restarting due to changes...
[nodemon] restarting due to changes...
[nodemon] starting `node index.js`
server started on port 3000
^CTerminate batch job (Y/N)? Y
npm ERR! code ELIFECYCLE
npm ERR! errno 255
npm ERR! EJS_Method@1.0.0 start: `nodemon -e js,ejs`
npm ERR! Exit status 255
npm ERR!
npm ERR! Failed at the EJS_Method@1.0.0 start script.
npm ERR! This is probably not a problem with npm. There is likely additional logging output above.

npm ERR! A complete log of this run can be found in:
npm ERR!     C:\Users\aashi\AppData\Roaming\npm-cache\_logs\2020-10-31T15_02_49_459Z-debug.log
Terminate batch job (Y/N)? Y

C:\xampp\htdocs\Digital Assignment 2\EJS_Method>npm start

> EJS_Method@1.0.0 start C:\xampp\htdocs\Digital Assignment 2\EJS_Method
> nodemon -e js,ejs

Terminate batch job (Y/N)? Y

C:\xampp\htdocs\Digital Assignment 2\EJS_Method>npm start

> EJS_Method@1.0.0 start C:\xampp\htdocs\Digital Assignment 2\EJS_Method
> nodemon -e js,ejs

[nodemon] 2.0.3
[nodemon] to restart at any time, enter `rs`
[nodemon] watching path(s): *.*
[nodemon] watching extensions: js,ejs
[nodemon] starting `node index.js`
server started on port 3000
[nodemon] restarting due to changes...
[nodemon] restarting due to changes...
[nodemon] restarting due to changes...
[nodemon] starting `node index.js`
server started on port 3000
[nodemon] app crashed - waiting for file changes before starting...
^CTerminate batch job (Y/N)? YTerminate batch job (Y/N)?
Terminate batch job (Y/N)? Y

C:\xampp\htdocs\Digital Assignment 2\EJS_Method>npm install -g heroku

> yarn@1.22.10 preinstall C:\Users\aashi\AppData\Roaming\npm\node_modules\heroku\node_modules\yarn
> :; (node ./preinstall.js > /dev/null 2>&1 || true)

C:\Users\aashi\AppData\Roaming\npm\heroku -> C:\Users\aashi\AppData\Roaming\npm\node_modules\heroku\bin\run
+ heroku@7.47.0
added 793 packages from 315 contributors in 337.992s

C:\xampp\htdocs\Digital Assignment 2\EJS_Method>heroku --version
 »   Warning: Our terms of service have changed: https://dashboard.heroku.com/terms-of-service
heroku/7.47.0 win32-x64 node-v12.18.4

C:\xampp\htdocs\Digital Assignment 2\EJS_Method>heroku login
heroku: Press any key to open up the browser to login or q to exit:
Opening browser to https://cli-auth.heroku.com/auth/cli/browser/6f482541-4c18-44c8-9aa6-2086a86248e9?requestor=SFMyNTY.g3QAAAACZAAEZGF0YW0AAAAPMTIyLjE3OC4yNDIuMTYyZAAGc2lnbmVkbgYADWXHf3UB.jtIOPqdWwTr3lfWKGPdCW2E2WMRD5X1z-aGCjIHvrZ0
Logging in... done
Logged in as aashish22bansal@gmail.com

Password: ********************************************************************************************************************
 »   Error: Invalid credentials provided.
 »ail [aashish22bansal@gmail.com]: 123Aashish456!
 »   Error ID: unauthorized

C:\xampp\htdocs\Digital Assignment 2\EJS_Method>

C:\xampp\htdocs\Digital Assignment 2\EJS_Method>heroku login -i
heroku: Enter your login credentials
Email [aashish22bansal@gmail.com]:
Password: **************
Logged in as aashish22bansal@gmail.com

C:\xampp\htdocs\Digital Assignment 2\EJS_Method>cd ~/myapp
The system cannot find the path specified.

C:\xampp\htdocs\Digital Assignment 2\EJS_Method>cd ~/myapp
The system cannot find the path specified.

C:\xampp\htdocs\Digital Assignment 2\EJS_Method>cd myapp

C:\xampp\htdocs\Digital Assignment 2\EJS_Method\myapp>heroku create
Creating app... done, ⬢ haunted-asylum-09855
https://haunted-asylum-09855.herokuapp.com/ | https://git.heroku.com/haunted-asylum-09855.git

C:\xampp\htdocs\Digital Assignment 2\EJS_Method\myapp>cd
C:\xampp\htdocs\Digital Assignment 2\EJS_Method\myapp

C:\xampp\htdocs\Digital Assignment 2\EJS_Method\myapp>cd..

C:\xampp\htdocs\Digital Assignment 2\EJS_Method>cd..

C:\xampp\htdocs\Digital Assignment 2>cd..

C:\xampp\htdocs>cd C:\xampp\htdocs\Web-Technologies-COVID-19-Live-Stats-Responsive-Website-Project

C:\xampp\htdocs\Web-Technologies-COVID-19-Live-Stats-Responsive-Website-Project>